[33m>[39m Building...
[32m√[39m Building...
[1mInitial chunk files[22m[2m | [22m[1mNames[22m                  [2m | [22m [1mRaw size[22m
[32mpolyfills.js[39m       [2m | [22m[2mpolyfills[22m              [2m | [22m [36m90.20 kB[39m[2m | [22m
[32mmain.js[39m            [2m | [22m[2mmain[22m                   [2m | [22m [36m13.01 kB[39m[2m | [22m
[32mchunk-IHTI4ZCU.js[39m  [2m | [22m[2m-[22m                      [2m | [22m  [36m8.00 kB[39m[2m | [22m
[32mstyles.css[39m         [2m | [22m[2mstyles[22m                 [2m | [22m  [36m5.27 kB[39m[2m | [22m
[32mchunk-CHDMAQCN.js[39m  [2m | [22m[2m-[22m                      [2m | [22m  [36m1.58 kB[39m[2m | [22m
[32mchunk-QFWQQCVV.js[39m  [2m | [22m[2m-[22m                      [2m | [22m  [36m1.52 kB[39m[2m | [22m
[32mchunk-GOMI4DH3.js[39m  [2m | [22m[2m-[22m                      [2m | [22m  [36m1.37 kB[39m[2m | [22m

[1m [22m                  [2m | [22m[1mInitial total[22m          [2m | [22m[1m120.94 kB[22m

[1mLazy chunk files[22m   [2m | [22m[1mNames[22m                  [2m | [22m [1mRaw size[22m
[32mchunk-LFZZAGV6.js[39m  [2m | [22m[2mmain-layout-component[22m  [2m | [22m [36m67.20 kB[39m[2m | [22m
[32mchunk-WD7GXTGK.js[39m  [2m | [22m[2mlogements-component[22m    [2m | [22m [36m53.38 kB[39m[2m | [22m
[32mchunk-W4G4VNGD.js[39m  [2m | [22m[2mlocataires-component[22m   [2m | [22m [36m45.35 kB[39m[2m | [22m
[32mchunk-HEHW7BBK.js[39m  [2m | [22m[2mparametres-component[22m   [2m | [22m [36m34.90 kB[39m[2m | [22m
[32mchunk-EGUNEWUM.js[39m  [2m | [22m[2mproprietaires-component[22m[2m | [22m [36m33.63 kB[39m[2m | [22m
[32mchunk-RRS6YEP7.js[39m  [2m | [22m[2mdashboard-component[22m    [2m | [22m [36m30.07 kB[39m[2m | [22m
[32mchunk-RJKQBMZ6.js[39m  [2m | [22m[2m-[22m                      [2m | [22m [36m28.94 kB[39m[2m | [22m
[32mchunk-MUYCPEOW.js[39m  [2m | [22m[2mabonnements-component[22m  [2m | [22m [36m26.75 kB[39m[2m | [22m
[32mchunk-FS5UVCMI.js[39m  [2m | [22m[2mquittances-component[22m   [2m | [22m [36m25.86 kB[39m[2m | [22m
[32mchunk-WDOAMKKA.js[39m  [2m | [22m[2minterventions-component[22m[2m | [22m [36m24.95 kB[39m[2m | [22m
[32mchunk-CLPP7BFH.js[39m  [2m | [22m[2msupport-component[22m      [2m | [22m [36m24.42 kB[39m[2m | [22m
[32mchunk-5CJIBEZQ.js[39m  [2m | [22m[2mloyers-component[22m       [2m | [22m [36m23.25 kB[39m[2m | [22m
[32mchunk-UQ7GTLCO.js[39m  [2m | [22m[2mlocataires-component[22m   [2m | [22m [36m22.92 kB[39m[2m | [22m
[32mchunk-2XUUAYN6.js[39m  [2m | [22m[2mdashboard-component[22m    [2m | [22m [36m22.73 kB[39m[2m | [22m
[32mchunk-WQCGL3SQ.js[39m  [2m | [22m[2mcontrats-component[22m     [2m | [22m [36m21.75 kB[39m[2m | [22m
[2m...and 26 more lazy chunks files. Use "--verbose" to show all the files.[22m

Application bundle generation complete. [4.508 seconds]

Watch mode enabled. Watching for file changes...
NOTE: Raw file sizes do not reflect development server per-request transformations.
Re-optimizing dependencies because vite config has changed
  [32m➜[39m  [1mLocal[22m:   [36mhttp://localhost:[1m4200[22m/[39m
[2m[32m  ➜[39m[22m[2m  press [22m[1mh + enter[22m[2m to show help[22m
